cl : Command line warning D9025 : overriding '/DNDEBUG' with '/UNDEBUG'
timer-overflow.cpp
E:\SyncForder\CodeRepos\build\RelWithDebInfo\script-native-lua-na1\local-source\engine\domain\simulation\scripting\core\test\../../../system/test/HookInvocationTestAccess.hpp(10): error C2011: 'lux::simulation::detail::HookInvocationTestAccess': 'struct' type redefinition
E:\SyncForder\CodeRepos\build\RelWithDebInfo\script-native-lua-na1\source\engine\domain\simulation\builtin\script\test\../../../system/test/HookInvocationTestAccess.hpp(10): note: see declaration of 'lux::simulation::detail::HookInvocationTestAccess'
E:\SyncForder\CodeRepos\build\RelWithDebInfo\script-native-lua-na1\local-source\engine\domain\simulation\scripting\core\test\../../../system/test/HookInvocationTestAccess.hpp(26): error C2995: 'size_t lux::simulation::test::dispatchHookForTest(Hook &,Arguments ...) noexcept': function template has already been defined
E:\SyncForder\CodeRepos\build\RelWithDebInfo\script-native-lua-na1\source\engine\domain\simulation\builtin\script\test\../../../system/test/HookInvocationTestAccess.hpp(26): note: see declaration of 'lux::simulation::test::dispatchHookForTest'
E:\SyncForder\CodeRepos\build\RelWithDebInfo\script-native-lua-na1\local-source\engine\domain\simulation\scripting\core\test\../../../scripting/core/test/ScriptEndpointTestAccess.hpp(9): error C2995: 'size_t lux::simulation::script::test::deliverTypedEndpoint(lux::simulation::script::ScriptEventEndpoint<Route,Payload> &) noexcept': function template has already been defined
E:\SyncForder\CodeRepos\build\RelWithDebInfo\script-native-lua-na1\source\engine\domain\simulation\builtin\script\test\../../../scripting/core/test/ScriptEndpointTestAccess.hpp(9): note: see declaration of 'lux::simulation::script::test::deliverTypedEndpoint'
E:\SyncForder\CodeRepos\build\RelWithDebInfo\script-native-lua-na1\local-source\engine\domain\simulation\scripting\core\test\../../../scripting/core/test/ScriptEndpointTestAccess.hpp(21): error C2995: 'size_t lux::simulation::script::test::deliverEndpoint(Endpoint &) noexcept': function template has already been defined
E:\SyncForder\CodeRepos\build\RelWithDebInfo\script-native-lua-na1\source\engine\domain\simulation\builtin\script\test\../../../scripting/core/test/ScriptEndpointTestAccess.hpp(21): note: see declaration of 'lux::simulation::script::test::deliverEndpoint'
E:\SyncForder\CodeRepos\build\RelWithDebInfo\script-native-lua-na1\source\engine\domain\simulation\builtin\script\test\ScriptRuntimeTestRegion.hpp(29): error C3169: 'decltype(auto)': cannot deduce type for 'auto' from 'overloaded-function'
E:\SyncForder\CodeRepos\build\RelWithDebInfo\script-native-lua-na1\source\engine\domain\simulation\builtin\script\test\ScriptRuntimeTestRegion.hpp(29): note: the template instantiation context (the oldest one first) is
E:\SyncForder\CodeRepos\build\RelWithDebInfo\script-native-lua-na1\premerge-audit-20260912\timer-overflow.cpp(771): note: see reference to function template instantiation 'decltype(auto) lux::simulation::script::test::dispatchRuntimeHook<lux::simulation::HookPoint<void (void)>,>(lux::simulation::script::ScriptSystem &,Hook &)' being compiled
        with
        [
            Hook=lux::simulation::HookPoint<void (void)>
        ]
E:\SyncForder\CodeRepos\build\RelWithDebInfo\script-native-lua-na1\source\engine\domain\simulation\builtin\script\test\ScriptRuntimeTestRegion.hpp(22): error C3779: 'lux::simulation::script::test::dispatchRuntimeHook::<lambda_1>::operator ()': a function that returns 'decltype(auto)' cannot be used before it is defined
E:\SyncForder\CodeRepos\build\RelWithDebInfo\script-native-lua-na1\source\engine\domain\simulation\builtin\script\test\ScriptRuntimeTestRegion.hpp(28): note: see declaration of 'lux::simulation::script::test::dispatchRuntimeHook::<lambda_1>::operator ()'
E:\SyncForder\CodeRepos\build\RelWithDebInfo\script-native-lua-na1\source\engine\domain\simulation\builtin\script\test\ScriptRuntimeTestRegion.hpp(22): note: the template instantiation context (the oldest one first) is
E:\SyncForder\CodeRepos\build\RelWithDebInfo\script-native-lua-na1\source\engine\domain\simulation\builtin\script\test\ScriptRuntimeTestRegion.hpp(28): note: see reference to function template instantiation 'decltype(auto) lux::simulation::script::test::inRuntimeRegion<lux::simulation::script::test::dispatchRuntimeHook::<lambda_1>>(lux::simulation::script::ScriptSystem &,Function &&)' being compiled
        with
        [
            Function=lux::simulation::script::test::dispatchRuntimeHook::<lambda_1>
        ]
E:\SyncForder\CodeRepos\build\RelWithDebInfo\script-native-lua-na1\premerge-audit-20260912\timer-overflow.cpp(771): error C2186: '==': an operand cannot have type 'void'
E:\SyncForder\CodeRepos\build\RelWithDebInfo\script-native-lua-na1\premerge-audit-20260912\timer-overflow.cpp(799): error C2186: '==': an operand cannot have type 'void'
E:\SyncForder\CodeRepos\build\RelWithDebInfo\script-native-lua-na1\premerge-audit-20260912\timer-overflow.cpp(802): error C2186: '==': an operand cannot have type 'void'
E:\SyncForder\CodeRepos\build\RelWithDebInfo\script-native-lua-na1\premerge-audit-20260912\timer-overflow.cpp(845): error C2186: '==': an operand cannot have type 'void'
E:\SyncForder\CodeRepos\build\RelWithDebInfo\script-native-lua-na1\premerge-audit-20260912\timer-overflow.cpp(851): error C2186: '==': an operand cannot have type 'void'
E:\SyncForder\CodeRepos\build\RelWithDebInfo\script-native-lua-na1\premerge-audit-20260912\timer-overflow.cpp(859): error C2186: '==': an operand cannot have type 'void'
E:\SyncForder\CodeRepos\build\RelWithDebInfo\script-native-lua-na1\premerge-audit-20260912\timer-overflow.cpp(885): error C2186: '==': an operand cannot have type 'void'
E:\SyncForder\CodeRepos\build\RelWithDebInfo\script-native-lua-na1\premerge-audit-20260912\timer-overflow.cpp(888): error C2186: '==': an operand cannot have type 'void'
E:\SyncForder\CodeRepos\build\RelWithDebInfo\script-native-lua-na1\premerge-audit-20260912\timer-overflow.cpp(926): error C2186: '==': an operand cannot have type 'void'
E:\SyncForder\CodeRepos\build\RelWithDebInfo\script-native-lua-na1\premerge-audit-20260912\timer-overflow.cpp(927): error C2186: '==': an operand cannot have type 'void'
E:\SyncForder\CodeRepos\build\RelWithDebInfo\script-native-lua-na1\premerge-audit-20260912\timer-overflow.cpp(972): error C2186: '==': an operand cannot have type 'void'
E:\SyncForder\CodeRepos\build\RelWithDebInfo\script-native-lua-na1\premerge-audit-20260912\timer-overflow.cpp(973): error C2186: '==': an operand cannot have type 'void'
E:\SyncForder\CodeRepos\build\RelWithDebInfo\script-native-lua-na1\premerge-audit-20260912\timer-overflow.cpp(1026): error C2186: '==': an operand cannot have type 'void'
E:\SyncForder\CodeRepos\build\RelWithDebInfo\script-native-lua-na1\premerge-audit-20260912\timer-overflow.cpp(1028): error C2186: '==': an operand cannot have type 'void'
E:\SyncForder\CodeRepos\build\RelWithDebInfo\script-native-lua-na1\premerge-audit-20260912\timer-overflow.cpp(1031): error C2186: '==': an operand cannot have type 'void'
E:\SyncForder\CodeRepos\build\RelWithDebInfo\script-native-lua-na1\premerge-audit-20260912\timer-overflow.cpp(1032): error C2186: '==': an operand cannot have type 'void'
E:\SyncForder\CodeRepos\build\RelWithDebInfo\script-native-lua-na1\premerge-audit-20260912\timer-overflow.cpp(1038): error C2186: '==': an operand cannot have type 'void'
E:\SyncForder\CodeRepos\build\RelWithDebInfo\script-native-lua-na1\premerge-audit-20260912\timer-overflow.cpp(1048): error C2186: '==': an operand cannot have type 'void'
E:\SyncForder\CodeRepos\build\RelWithDebInfo\script-native-lua-na1\premerge-audit-20260912\timer-overflow.cpp(1066): error C2186: '==': an operand cannot have type 'void'
E:\SyncForder\CodeRepos\build\RelWithDebInfo\script-native-lua-na1\premerge-audit-20260912\timer-overflow.cpp(1081): error C2186: '==': an operand cannot have type 'void'
E:\SyncForder\CodeRepos\build\RelWithDebInfo\script-native-lua-na1\premerge-audit-20260912\timer-overflow.cpp(1082): error C2186: '==': an operand cannot have type 'void'
E:\SyncForder\CodeRepos\build\RelWithDebInfo\script-native-lua-na1\premerge-audit-20260912\timer-overflow.cpp(1084): error C2186: '==': an operand cannot have type 'void'
E:\SyncForder\CodeRepos\build\RelWithDebInfo\script-native-lua-na1\premerge-audit-20260912\timer-overflow.cpp(1089): error C2186: '==': an operand cannot have type 'void'
E:\SyncForder\CodeRepos\build\RelWithDebInfo\script-native-lua-na1\premerge-audit-20260912\timer-overflow.cpp(1095): error C2186: '==': an operand cannot have type 'void'
E:\SyncForder\CodeRepos\build\RelWithDebInfo\script-native-lua-na1\premerge-audit-20260912\timer-overflow.cpp(1110): error C2186: '==': an operand cannot have type 'void'
E:\SyncForder\CodeRepos\build\RelWithDebInfo\script-native-lua-na1\premerge-audit-20260912\timer-overflow.cpp(1115): error C2186: '==': an operand cannot have type 'void'
E:\SyncForder\CodeRepos\build\RelWithDebInfo\script-native-lua-na1\premerge-audit-20260912\timer-overflow.cpp(1140): error C2186: '==': an operand cannot have type 'void'
E:\SyncForder\CodeRepos\build\RelWithDebInfo\script-native-lua-na1\premerge-audit-20260912\timer-overflow.cpp(1143): error C2186: '==': an operand cannot have type 'void'
E:\SyncForder\CodeRepos\build\RelWithDebInfo\script-native-lua-na1\premerge-audit-20260912\timer-overflow.cpp(1182): error C2186: '==': an operand cannot have type 'void'
E:\SyncForder\CodeRepos\build\RelWithDebInfo\script-native-lua-na1\premerge-audit-20260912\timer-overflow.cpp(1204): error C2186: '==': an operand cannot have type 'void'
E:\SyncForder\CodeRepos\build\RelWithDebInfo\script-native-lua-na1\premerge-audit-20260912\timer-overflow.cpp(1219): error C2186: '==': an operand cannot have type 'void'
E:\SyncForder\CodeRepos\build\RelWithDebInfo\script-native-lua-na1\premerge-audit-20260912\timer-overflow.cpp(1222): error C2186: '==': an operand cannot have type 'void'
E:\SyncForder\CodeRepos\build\RelWithDebInfo\script-native-lua-na1\premerge-audit-20260912\timer-overflow.cpp(1244): error C2186: '==': an operand cannot have type 'void'
E:\SyncForder\CodeRepos\build\RelWithDebInfo\script-native-lua-na1\premerge-audit-20260912\timer-overflow.cpp(1262): error C2186: '==': an operand cannot have type 'void'
E:\SyncForder\CodeRepos\build\RelWithDebInfo\script-native-lua-na1\premerge-audit-20260912\timer-overflow.cpp(1277): error C2186: '==': an operand cannot have type 'void'
E:\SyncForder\CodeRepos\build\RelWithDebInfo\script-native-lua-na1\premerge-audit-20260912\timer-overflow.cpp(1300): error C2186: '==': an operand cannot have type 'void'
E:\SyncForder\CodeRepos\build\RelWithDebInfo\script-native-lua-na1\premerge-audit-20260912\timer-overflow.cpp(1335): error C2186: '==': an operand cannot have type 'void'
E:\SyncForder\CodeRepos\build\RelWithDebInfo\script-native-lua-na1\premerge-audit-20260912\timer-overflow.cpp(1358): error C2186: '==': an operand cannot have type 'void'
E:\SyncForder\CodeRepos\build\RelWithDebInfo\script-native-lua-na1\premerge-audit-20260912\timer-overflow.cpp(1379): error C2186: '==': an operand cannot have type 'void'
E:\SyncForder\CodeRepos\build\RelWithDebInfo\script-native-lua-na1\premerge-audit-20260912\timer-overflow.cpp(1401): error C2186: '==': an operand cannot have type 'void'
E:\SyncForder\CodeRepos\build\RelWithDebInfo\script-native-lua-na1\premerge-audit-20260912\timer-overflow.cpp(1417): error C2186: '==': an operand cannot have type 'void'
E:\SyncForder\CodeRepos\build\RelWithDebInfo\script-native-lua-na1\premerge-audit-20260912\timer-overflow.cpp(1418): error C2186: '==': an operand cannot have type 'void'
E:\SyncForder\CodeRepos\build\RelWithDebInfo\script-native-lua-na1\premerge-audit-20260912\timer-overflow.cpp(1479): error C2186: '==': an operand cannot have type 'void'
E:\SyncForder\CodeRepos\build\RelWithDebInfo\script-native-lua-na1\premerge-audit-20260912\timer-overflow.cpp(1480): error C2186: '==': an operand cannot have type 'void'
E:\SyncForder\CodeRepos\build\RelWithDebInfo\script-native-lua-na1\premerge-audit-20260912\timer-overflow.cpp(1482): error C2186: '==': an operand cannot have type 'void'
E:\SyncForder\CodeRepos\build\RelWithDebInfo\script-native-lua-na1\premerge-audit-20260912\timer-overflow.cpp(1505): error C2186: '==': an operand cannot have type 'void'
E:\SyncForder\CodeRepos\build\RelWithDebInfo\script-native-lua-na1\premerge-audit-20260912\timer-overflow.cpp(1509): error C2186: '==': an operand cannot have type 'void'
E:\SyncForder\CodeRepos\build\RelWithDebInfo\script-native-lua-na1\premerge-audit-20260912\timer-overflow.cpp(1522): error C2186: '==': an operand cannot have type 'void'
E:\SyncForder\CodeRepos\build\RelWithDebInfo\script-native-lua-na1\premerge-audit-20260912\timer-overflow.cpp(1535): error C2186: '==': an operand cannot have type 'void'
E:\SyncForder\CodeRepos\build\RelWithDebInfo\script-native-lua-na1\premerge-audit-20260912\timer-overflow.cpp(1546): error C2186: '==': an operand cannot have type 'void'
E:\SyncForder\CodeRepos\build\RelWithDebInfo\script-native-lua-na1\premerge-audit-20260912\timer-overflow.cpp(1563): error C2186: '==': an operand cannot have type 'void'
E:\SyncForder\CodeRepos\build\RelWithDebInfo\script-native-lua-na1\premerge-audit-20260912\timer-overflow.cpp(1582): error C2186: '==': an operand cannot have type 'void'
E:\SyncForder\CodeRepos\build\RelWithDebInfo\script-native-lua-na1\premerge-audit-20260912\timer-overflow.cpp(1620): error C2186: '==': an operand cannot have type 'void'
E:\SyncForder\CodeRepos\build\RelWithDebInfo\script-native-lua-na1\premerge-audit-20260912\timer-overflow.cpp(1643): error C2186: '==': an operand cannot have type 'void'
