UpdateCTestConfiguration  from :E:/SyncForder/CodeRepos/build/RelWithDebInfo/o/w/d/DartConfiguration.tcl
Parse Config file:E:/SyncForder/CodeRepos/build/RelWithDebInfo/o/w/d/DartConfiguration.tcl
Test project E:/SyncForder/CodeRepos/build/RelWithDebInfo/o/w/d
Constructing a list of tests
Done constructing a list of tests
Updating test list for fixtures
Added 0 tests to meet fixture requirements
Checking test dependency graph...
Checking test dependency graph end
test 32
    Start 32: simulation_script_class_storage_test

32: Test command: E:\SyncForder\CodeRepos\build\RelWithDebInfo\o\w\d\bin\simulation_script_class_storage_test.exe
32: Working Directory: E:/SyncForder/CodeRepos/build/RelWithDebInfo/o/w/d/engine/domain/simulation/scripting/core
32: Test timeout computed to be: 1500
32: OWNED_BYTES inline-grow spill inline-shrink invalid-align move self-move empty PASS
32: STORAGE_TICKET,observe=0,owner=1,generation=1,allocation_checks=1,exhaustion=1,ticket=24
32: STORAGE_TICKET,observe=1,owner=1,generation=1,allocation_checks=1,exhaustion=1,ticket=24
1/7 Test #32: simulation_script_class_storage_test .....   Passed    0.02 sec
test 86
    Start 86: simulation_script_lua_sync_valid_test

86: Test command: E:\SyncForder\CodeRepos\build\RelWithDebInfo\o\w\d\bin\simulation_script_lua_value_runtime_test.exe "--sync-valid"
86: Working Directory: E:/SyncForder/CodeRepos/build/RelWithDebInfo/o/w/d/engine/domain/simulation/scripting/lua
86: Test timeout computed to be: 1500
86: CONVERSION_AUTHORITY mode=2 conversions=1 body=1 provider=1 expected=1
86: CONVERSION_CLEANUP synchronous=1 provider=1 roots=0 released=0 backlog=0 PASS
86: ENGINE_LEAF,available=1,observed=0,fast=0,standard=0
2/7 Test #86: simulation_script_lua_sync_valid_test ....   Passed    0.02 sec
test 87
    Start 87: simulation_script_lua_sync_retire_test

87: Test command: E:\SyncForder\CodeRepos\build\RelWithDebInfo\o\w\d\bin\simulation_script_lua_value_runtime_test.exe "--sync-retire"
87: Working Directory: E:/SyncForder/CodeRepos/build/RelWithDebInfo/o/w/d/engine/domain/simulation/scripting/lua
87: Test timeout computed to be: 1500
87: CONVERSION_AUTHORITY mode=3 conversions=1 body=0 provider=0 expected=0
87: CONVERSION_CLEANUP synchronous=1 provider=0 roots=0 released=0 backlog=0 PASS
87: ENGINE_LEAF,available=1,observed=0,fast=0,standard=0
3/7 Test #87: simulation_script_lua_sync_retire_test ...   Passed    0.01 sec
test 88
    Start 88: simulation_script_lua_sync_stop_test

88: Test command: E:\SyncForder\CodeRepos\build\RelWithDebInfo\o\w\d\bin\simulation_script_lua_value_runtime_test.exe "--sync-stop"
88: Working Directory: E:/SyncForder/CodeRepos/build/RelWithDebInfo/o/w/d/engine/domain/simulation/scripting/lua
88: Test timeout computed to be: 1500
88: CONVERSION_AUTHORITY mode=4 conversions=1 body=1 provider=1 expected=1
88: CONVERSION_CLEANUP synchronous=1 provider=1 roots=0 released=0 backlog=0 PASS
88: ENGINE_LEAF,available=1,observed=0,fast=0,standard=0
4/7 Test #88: simulation_script_lua_sync_stop_test .....   Passed    0.01 sec
test 89
    Start 89: simulation_script_lua_sync_error_test

89: Test command: E:\SyncForder\CodeRepos\build\RelWithDebInfo\o\w\d\bin\simulation_script_lua_value_runtime_test.exe "--sync-error"
89: Working Directory: E:/SyncForder/CodeRepos/build/RelWithDebInfo/o/w/d/engine/domain/simulation/scripting/lua
89: Test timeout computed to be: 1500
89: CONVERSION_AUTHORITY mode=5 conversions=1 body=0 provider=0 expected=0
89: CONVERSION_CLEANUP synchronous=1 provider=0 roots=0 released=0 backlog=0 PASS
89: ENGINE_LEAF,available=1,observed=0,fast=0,standard=0
5/7 Test #89: simulation_script_lua_sync_error_test ....   Passed    0.01 sec
test 94
    Start 94: simulation_script_continuation_test

94: Test command: E:\SyncForder\CodeRepos\build\RelWithDebInfo\o\w\d\bin\simulation_script_continuation_test.exe
94: Working Directory: E:/SyncForder/CodeRepos/build/RelWithDebInfo/o/w/d/engine/domain/simulation/builtin/script
94: Test timeout computed to be: 1500
94: TIMER_BOUNDARY local=0 index=0 waits=1 errors=0 expected_accept=1
94: TIMER_BOUNDARY local=0 index=1 waits=0 errors=1 expected_accept=0
94: TIMER_BOUNDARY local=0 index=2 waits=0 errors=1 expected_accept=0
94: TIMER_BOUNDARY local=1 index=0 waits=1 errors=0 expected_accept=1
94: TIMER_BOUNDARY local=1 index=1 waits=0 errors=1 expected_accept=0
94: TIMER_BOUNDARY local=1 index=2 waits=0 errors=1 expected_accept=0
94: TIMER_ROUNDING local=0 overflow=0 resumes=1 PASS
94: TIMER_ROUNDING local=0 overflow=1 resumes=0 PASS
94: TIMER_ROUNDING local=1 overflow=0 resumes=1 PASS
94: TIMER_ROUNDING local=1 overflow=1 resumes=0 PASS
94: REAL_TIMER_BOUNDARY accept=1 endpoint_calls=1 late_active=0 PASS
94: REAL_TIMER_BOUNDARY accept=0 endpoint_calls=0 late_active=0 PASS
94: LOCAL_TIMER_CAPACITY,local=0,awaitable_full=0,repeats=32,rollback=1,live=0
94: LOCAL_TIMER_CAPACITY,local=0,awaitable_full=1,repeats=32,rollback=1,live=0
94: LOCAL_TIMER_CAPACITY,local=1,awaitable_full=0,repeats=32,rollback=1,live=0
94: LOCAL_TIMER_CAPACITY,local=1,awaitable_full=1,repeats=32,rollback=1,live=0
94: LOCAL_TIMER_RETIRE,simulation=0,rebuilds=32,capabilities=0,cleaned=33,live=0
94: LOCAL_TIMER_RETIRE,simulation=1,rebuilds=32,capabilities=0,cleaned=33,live=0
94: LOCAL_TIMER,enabled=0,capabilities=6,resumes=2,source_unlinked=1
94: TIMER_RETRY,mode=0,due_step=1,retry_step=2,resumes=2,waits=0
94: LOCAL_TIMER,enabled=0,capabilities=6,resumes=2,source_unlinked=1
94: TIMER_RETRY,mode=1,due_step=1,retry_step=2,resumes=2,waits=0
94: LOCAL_TIMER,enabled=0,capabilities=6,resumes=2,source_unlinked=1
94: TIMER_RETRY,mode=2,due_step=2,retry_step=3,resumes=2,waits=0
94: LOCAL_TIMER,enabled=1,capabilities=0,resumes=2,source_unlinked=1
94: TIMER_RETRY,mode=0,due_step=1,retry_step=2,resumes=2,waits=0
94: LOCAL_TIMER,enabled=1,capabilities=0,resumes=2,source_unlinked=1
94: TIMER_RETRY,mode=1,due_step=1,retry_step=2,resumes=2,waits=0
94: LOCAL_TIMER,enabled=1,capabilities=0,resumes=2,source_unlinked=1
94: TIMER_RETRY,mode=2,due_step=2,retry_step=3,resumes=2,waits=0
94: SINGLE_FLIGHT_OK,skipped=16,methods=2,instances=2,resume_budget=1,reused_generation=1
94: HOOK_SHARED_METHOD_OK,aliases=2,ready_still_blocked=1,destroy_reentry=1,destroys=2
94: HOOK_MIXED_SHAPES sync=66 step=2 resumes=1 destroyed=2 PASS
94: HOOK_RATIO percent=0 batches=64 population=1000 new_calls=64000 resume=0 waiting=0 backlog=0 observed=0 candidates=0 visits=0
94: HOOK_RATIO percent=50 batches=64 population=1000 new_calls=32000 resume=0 waiting=500 backlog=0 observed=0 candidates=0 visits=0
94: HOOK_RATIO percent=99 batches=64 population=1000 new_calls=640 resume=0 waiting=990 backlog=0 observed=0 candidates=0 visits=0
94: HOOK_RATIO percent=100 batches=64 population=1000 new_calls=0 resume=0 waiting=1000 backlog=0 observed=0 candidates=0 visits=0
94: RESUME_WRAP capacity=3 budget=2 cycles=17 calls=35 resumes=35 destroyed=35 backlog=0
6/7 Test #94: simulation_script_continuation_test ......   Passed    0.10 sec
test 97
    Start 97: simulation_script_lifecycle_test

97: Test command: E:\SyncForder\CodeRepos\build\RelWithDebInfo\o\w\d\bin\simulation_script_lifecycle_test.exe
97: Working Directory: E:/SyncForder/CodeRepos/build/RelWithDebInfo/o/w/d/engine/domain/simulation/builtin/script
97: Test timeout computed to be: 1500
97: REGION commands accepted=3 rejected=2 late_rejected=1 calls=4 copied=19 destroys=2 PASS
97: REGION stop accepted=2 calls=4 ends=2 destroys=2 PASS
97: REGION fault calls=3 failures=1 survivors=1 destroys=2 PASS
97: MOVE_REPLACEMENT suspended=0 old_end=1 release=3 destroy=1 lease=1 frame=0
97: MOVE_FINAL suspended=0 order=verified old=1 incoming=1
97: MOVE_REPLACEMENT suspended=1 old_end=1 release=3 destroy=1 lease=1 frame=1
97: MOVE_OLD_COMPLETION STOPPING
97: MOVE_FINAL suspended=1 order=verified old=1 incoming=1
97: MOVE_EMPTY_CLOSED_SELF old=1 incoming=1 verified
97: FEEDBACK_WRAP first=1 redirty=1 order=2,3,1 zero_no_consume=1 backing_stable=1 PASS
97: REENTRY_CASE,1
97: REENTRY_OK,1,1,2,2,0
97: REENTRY_CASE,2
97: REENTRY_OK,2,1,2,2,0
97: REENTRY_CASE,3
97: REENTRY_OK,3,1,2,2,0
97: REENTRY_CASE,4
97: REENTRY_OK,4,1,2,2,3
97: REENTRY_CASE,5
97: REENTRY_OK,5,1,2,2,0
97: REENTRY_CASE,6
97: REENTRY_OK,6,1,2,2,0
97: REENTRY_CASE,7
97: REENTRY_OK,7,1,2,2,0
97: REENTRY_CASE,3
97: REENTRY_OK,3,1,2,2,0
7/7 Test #97: simulation_script_lifecycle_test .........   Passed    0.02 sec

The following tests passed:
	simulation_script_class_storage_test
	simulation_script_lua_sync_valid_test
	simulation_script_lua_sync_retire_test
	simulation_script_lua_sync_stop_test
	simulation_script_lua_sync_error_test
	simulation_script_continuation_test
	simulation_script_lifecycle_test

100% tests passed, 0 tests failed out of 7

Total Test time (real) =   0.21 sec
